Host environment based on Google Cloud instance running nested virtualization

Linux mocc-machine-2 4.9.0-8-amd64 #1 SMP Debian 4.9.130-2 (2018-10-27) x86_64 GNU/Linux

processor	: 0
vendor_id	: GenuineIntel
cpu family	: 6
model		: 63
model name	: Intel(R) Xeon(R) CPU @ 2.30GHz
stepping	: 0
microcode	: 0x1
cpu MHz		: 2300.000
cache size	: 46080 KB
physical id	: 0
siblings	: 1
core id		: 0
cpu cores	: 1
apicid		: 0
initial apicid	: 0
fpu		: yes
fpu_exception	: yes
cpuid level	: 13
wp		: yes
flags		: fpu vme de pse tsc msr pae mce cx8 apic sep mtrr pge mca cmov pat pse36 clflush mmx fxsr sse sse2 ss ht syscall nx pdpe1gb rdtscp lm constant_tsc rep_good nopl xtopology nonstop_tsc pni pclmulqdq vmx ssse3 fma cx16 pcid sse4_1 sse4_2 x2apic movbe popcnt aes xsave avx f16c rdrand hypervisor lahf_lm abm invpcid_single kaiser tpr_shadow flexpriority ept fsgsbase tsc_adjust bmi1 avx2 smep bmi2 erms invpcid xsaveopt arat arch_capabilities
bugs		: cpu_meltdown spectre_v1 spectre_v2 spec_store_bypass l1tf
bogomips	: 4600.00
clflush size	: 64
cache_alignment	: 64
address sizes	: 46 bits physical, 48 bits virtual
power management:


MemTotal:        3792956 kB
MemFree:         2981832 kB
MemAvailable:    3469176 kB
Buffers:           36332 kB
Cached:           641788 kB
SwapCached:            0 kB
Active:           175532 kB
Inactive:         548576 kB
Active(anon):      46156 kB
Inactive(anon):    11084 kB
Active(file):     129376 kB
Inactive(file):   537492 kB
Unevictable:           0 kB
Mlocked:               0 kB
SwapTotal:             0 kB
SwapFree:              0 kB
Dirty:                40 kB
Writeback:             0 kB
AnonPages:         46024 kB
Mapped:            21340 kB
Shmem:             11256 kB
Slab:              56708 kB
SReclaimable:      47580 kB
SUnreclaim:         9128 kB
KernelStack:        1116 kB
PageTables:         2060 kB
NFS_Unstable:          0 kB
Bounce:                0 kB
WritebackTmp:          0 kB
CommitLimit:     1896476 kB
Committed_AS:     103456 kB
VmallocTotal:   34359738367 kB
VmallocUsed:           0 kB
VmallocChunk:          0 kB
HardwareCorrupted:     0 kB
AnonHugePages:         0 kB
ShmemHugePages:        0 kB
ShmemPmdMapped:        0 kB
HugePages_Total:       0
HugePages_Free:        0
HugePages_Rsvd:        0
HugePages_Surp:        0
Hugepagesize:       2048 kB
DirectMap4k:       51188 kB
DirectMap2M:     3880960 kB
DirectMap1G:           0 kB

QEMU emulator version 2.8.1(Debian 1:2.8+dfsg-6+deb9u5)
Copyright (c) 2003-2016 Fabrice Bellard and the QEMU Project developers

Client:
 Version:           18.09.0
 API version:       1.39
 Go version:        go1.10.4
 Git commit:        4d60db4
 Built:             Wed Nov  7 00:48:46 2018
 OS/Arch:           linux/amd64
 Experimental:      false

Server: Docker Engine - Community
 Engine:
  Version:          18.09.0
  API version:      1.39 (minimum version 1.12)
  Go version:       go1.10.4
  Git commit:       4d60db4
  Built:            Wed Nov  7 00:16:44 2018
  OS/Arch:          linux/amd64
  Experimental:     false

Guest environment based on QEMU virtualization with KVM support

processor	: 0
vendor_id	: GenuineIntel
cpu family	: 6
model		: 6
model name	: QEMU Virtual CPU version 2.5+
stepping	: 3
microcode	: 0x1
cpu MHz		: 2299.782
cache size	: 16384 KB
fpu		: yes
fpu_exception	: yes
cpuid level	: 13
wp		: yes
flags		: fpu de pse tsc msr pae mce cx8 apic sep mtrr pge mca cmov pse36 clflush mmx fxsr sse sse2 syscall nx lm up rep_good nopl xtopology pni cx16 x2apic hypervisor lahf_lm
bogomips	: 4599.56
clflush size	: 64
cache_alignment	: 64
address sizes	: 40 bits physical, 48 bits virtual
power management:


MemTotal:         508832 kB
MemFree:          261284 kB
Buffers:           12016 kB
Cached:           200168 kB
SwapCached:            0 kB
Active:           118452 kB
Inactive:         103420 kB
Active(anon):       9716 kB
Inactive(anon):      140 kB
Active(file):     108736 kB
Inactive(file):   103280 kB
Unevictable:           0 kB
Mlocked:               0 kB
SwapTotal:       1045500 kB
SwapFree:        1045500 kB
Dirty:                 0 kB
Writeback:             0 kB
AnonPages:          9680 kB
Mapped:             4028 kB
Shmem:               172 kB
Slab:              18604 kB
SReclaimable:      12264 kB
SUnreclaim:         6340 kB
KernelStack:         448 kB
PageTables:         1424 kB
NFS_Unstable:          0 kB
Bounce:                0 kB
WritebackTmp:          0 kB
CommitLimit:     1299916 kB
Committed_AS:      40672 kB
VmallocTotal:   34359738367 kB
VmallocUsed:        1808 kB
VmallocChunk:   34359736439 kB
HardwareCorrupted:     0 kB
AnonHugePages:         0 kB
HugePages_Total:       0
HugePages_Free:        0
HugePages_Rsvd:        0
HugePages_Surp:        0
Hugepagesize:       2048 kB
DirectMap4k:       36736 kB
DirectMap2M:      487424 kB

Linux debian-amd64 3.2.0-4-amd64 #1 SMP Debian 3.2.51-1 x86_64 GNU/Linux

Guest environment based on a Docker base linux file

Linux 1727d7eb3b65 4.9.0-8-amd64 #1 SMP Debian 4.9.130-2 (2018-10-27) x86_64 x86_64 x86_64 GNU/Linux

processor	: 0
vendor_id	: GenuineIntel
cpu family	: 6
model		: 63
model name	: Intel(R) Xeon(R) CPU @ 2.30GHz
stepping	: 0
microcode	: 0x1
cpu MHz		: 2300.000
cache size	: 46080 KB
physical id	: 0
siblings	: 1
core id		: 0
cpu cores	: 1
apicid		: 0
initial apicid	: 0
fpu		: yes
fpu_exception	: yes
cpuid level	: 13
wp		: yes
flags		: fpu vme de pse tsc msr pae mce cx8 apic sep mtrr pge mca cmov pat pse36 clflush mmx fxsr sse sse2 ss ht syscall nx pdpe1gb rdtscp lm constant_tsc rep_good nopl xtopology nonstop_tsc pni pclmulqdq vmx ssse3 fma cx16 pcid sse4_1 sse4_2 x2apic movbe popcnt aes xsave avx f16c rdrand hypervisor lahf_lm abm invpcid_single kaiser tpr_shadow flexpriority ept fsgsbase tsc_adjust bmi1 avx2 smep bmi2 erms invpcid xsaveopt arat arch_capabilities
bugs		: cpu_meltdown spectre_v1 spectre_v2 spec_store_bypass l1tf
bogomips	: 4600.00
clflush size	: 64
cache_alignment	: 64
address sizes	: 46 bits physical, 48 bits virtual
power management:


MemTotal:        3792956 kB
MemFree:         1332344 kB
MemAvailable:    3303316 kB
Buffers:           86484 kB
Cached:          2012800 kB
SwapCached:            0 kB
Active:           644304 kB
Inactive:        1599144 kB
Active(anon):     144404 kB
Inactive(anon):    11204 kB
Active(file):     499900 kB
Inactive(file):  1587940 kB
Unevictable:           0 kB
Mlocked:               0 kB
SwapTotal:             0 kB
SwapFree:              0 kB
Dirty:                40 kB
Writeback:             0 kB
AnonPages:        144160 kB
Mapped:           128364 kB
Shmem:             11448 kB
Slab:             185988 kB
SReclaimable:     170916 kB
SUnreclaim:        15072 kB
KernelStack:        1852 kB
PageTables:         3952 kB
NFS_Unstable:          0 kB
Bounce:                0 kB
WritebackTmp:          0 kB
CommitLimit:     1896476 kB
Committed_AS:     471076 kB
VmallocTotal:   34359738367 kB
VmallocUsed:           0 kB
VmallocChunk:          0 kB
HardwareCorrupted:     0 kB
AnonHugePages:         0 kB
ShmemHugePages:        0 kB
ShmemPmdMapped:        0 kB
HugePages_Total:       0
HugePages_Free:        0
HugePages_Rsvd:        0
HugePages_Surp:        0
Hugepagesize:       2048 kB
DirectMap4k:       77812 kB
DirectMap2M:     3854336 kB
DirectMap1G:           0 kB
